     1                                           ;代码清单17-3
     2                                           ;文件名：c17_1.asm
     3                                           ;文件说明：用户程序
     4                                           ;创建日期：2012-07-14 15:46
     5                                  
     6 00000000 [54040000]                       program_length   dd program_end          ;程序总长度#0x00
     7 00000004 [41040000]                       entry_point      dd start                ;程序入口点#0x04
     8 00000008 [10000000]                       salt_position    dd salt_begin           ;SALT表起始偏移量#0x08
     9 0000000C 04000000                         salt_items       dd (salt_end-salt_begin)/256 ;SALT条目数#0x0C
    10                                  
    11                                  ;-------------------------------------------------------------------------------
    12                                  
    13                                           ;符号地址检索表
    14                                           salt_begin:
    15                                  
    16 00000010 405072696E74537472-              PrintString      db  '@PrintString'
    16 00000019 696E67             
    17 0000001C 00<rep F4h>                                  times 256-($-PrintString) db 0
    18                                  
    19 00000110 405465726D696E6174-              TerminateProgram db  '@TerminateProgram'
    19 00000119 6550726F6772616D   
    20 00000121 00<rep EFh>                                  times 256-($-TerminateProgram) db 0
    21                                  
    22 00000210 40526561644469736B-              ReadDiskData     db  '@ReadDiskData'
    22 00000219 44617461           
    23 0000021D 00<rep F3h>                                  times 256-($-ReadDiskData) db 0
    24                                  
    25 00000310 405072696E7444776F-              PrintDwordAsHex  db  '@PrintDwordAsHexString'
    25 00000319 726441734865785374-
    25 00000322 72696E67           
    26 00000326 00<rep EAh>                                  times 256-($-PrintDwordAsHex) db 0
    27                                  
    28                                           salt_end:
    29                                  
    30 00000410 202055736572207461-              message_0        db  '  User task A->;;;;;;;;;;;;;;;;;;;;;;;;;;;;;;;'
    30 00000419 736B20412D3E3B3B3B-
    30 00000422 3B3B3B3B3B3B3B3B3B-
    30 0000042B 3B3B3B3B3B3B3B3B3B-
    30 00000434 3B3B3B3B3B3B3B3B3B-
    30 0000043D 3B                 
    31 0000043E 0D0A00                                            db  0x0d,0x0a,0
    32                                  
    33                                  ;-------------------------------------------------------------------------------
    34                                        [bits 32]
    35                                  ;-------------------------------------------------------------------------------
    36                                  
    37                                  start:
    38                                  
    39 00000441 BB[10040000]                     mov ebx,message_0
    40 00000446 FF1D[10000000]                   call far [PrintString]
    41 0000044C EBF3                             jmp start
    42                                  
    43 0000044E FF1D[10010000]                   call far [TerminateProgram]              ;退出，并将控制权返回到核心
    44                                  
    45                                  ;-------------------------------------------------------------------------------
    46                                  program_end:
